#-----------------------------------------------------------
# Vivado v2019.2 (64-bit)
# SW Build 2708876 on Wed Nov  6 21:40:23 MST 2019
# IP Build 2700528 on Thu Nov  7 00:09:20 MST 2019
# Start of session at: Tue Jan  5 21:46:32 2021
# Process ID: 15608
# Current directory: C:/Users/kuash/OneDrive/Documents/AAC/StateEncoding/github repo/Vivado/life/2-seq/binary/encoding
# Command line: vivado.exe -gui_launcher_event rodinguilauncherevent17040 C:\Users\kuash\OneDrive\Documents\AAC\StateEncoding\github repo\Vivado\life\2-seq\binary\encoding\encoding.xpr
# Log file: C:/Users/kuash/OneDrive/Documents/AAC/StateEncoding/github repo/Vivado/life/2-seq/binary/encoding/vivado.log
# Journal file: C:/Users/kuash/OneDrive/Documents/AAC/StateEncoding/github repo/Vivado/life/2-seq/binary/encoding\vivado.jou
#-----------------------------------------------------------
start_gui
open_project {C:/Users/kuash/OneDrive/Documents/AAC/StateEncoding/github repo/Vivado/life/2-seq/binary/encoding/encoding.xpr}
reset_project -verbose
update_compile_order -fileset sources_1
reset_project -verbose
